Microchip MPLAB XC8 Compiler V1.34 ()

Linker command line:

-W-3 --edf=C:\Program Files (x86)\Microchip\xc8\v1.34\dat\en_msgs.txt -cs \
  -h+dist/default/production\mcp47x6_lib.X.production.sym \
  --cmf=dist/default/production\mcp47x6_lib.X.production.cmf -z -Q18F4520 \
  -oC:\Users\RAPHAE~1.PER\AppData\Local\Temp\se2o.6 \
  -Mdist/default/production/mcp47x6_lib.X.production.map -E1 -ver=XC8 \
  -ASTACK=080h-05ffh -pstack=STACK -ACODE=00h-07FFFh -ACONST=00h-07FFFh \
  -ASMALLCONST=0600h-06FFhx122 -AMEDIUMCONST=0600h-07FFFh -ACOMRAM=01h-07Fh \
  -AABS1=00h-05FFh -ABIGRAM=01h-05FFh -ARAM=080h-0FFh,0100h-01FFhx5 \
  -ABANK0=080h-0FFh -ABANK1=0100h-01FFh -ABANK2=0200h-02FFh \
  -ABANK3=0300h-03FFh -ABANK4=0400h-04FFh -ABANK5=0500h-05FFh \
  -ASFR=0F80h-0FFFh -preset_vec=00h,intcode,intcodelo,powerup,init,end_init \
  -pramtop=0600h -psmallconst=SMALLCONST -pmediumconst=MEDIUMCONST \
  -pconst=CONST -AFARRAM=00h-00h -ACONFIG=0300000h-030000Dh -pconfig=CONFIG \
  -AIDLOC=0200000h-0200007h -pidloc=IDLOC -AEEDATA=0F00000h-0F000FFh \
  -peeprom_data=EEDATA \
  -prdata=COMRAM,nvrram=COMRAM,nvbit=COMRAM,rbss=COMRAM,rbit=COMRAM \
  -pfarbss=FARRAM,fardata=FARRAM,nvFARRAM=FARRAM \
  -pintsave_regs=BIGRAM,bigbss=BIGRAM,bigdata=BIGRAM -pbss=RAM \
  -pidata=CODE,irdata=CODE,ibigdata=CODE,ifardata=CODE -prparam=COMRAM \
  C:\Users\RAPHAE~1.PER\AppData\Local\Temp\se2o.obj \
  dist/default/production\mcp47x6_lib.X.production.obj 

Object code version is 3.11

Machine type is 18F4520

Call graph: (short form)




                Name                               Link     Load   Length Selector   Space Scale
C:\Users\RAPHAE~1.PER\AppData\Local\Temp\se2o.obj
                end_init                              0        0        4        0       0
                idloc                            200000   200000        8   200000       0
                config                           300000   300000        E   300000       0
dist/default/production\mcp47x6_lib.X.production.obj
                smallconst                          600      600        8      300       0
                text13                              9DA      9DA        4      304       0
                text12                              966      966       1A      304       0
                text11                              9AA      9AA       10      304       0
                text10                              998      998       12      304       0
                text9                               6DE      6DE       D6      304       0
                text8                               7B4      7B4       A0      304       0
                text7                               608      608       D6      304       0
                text6                               854      854       56      304       0
                text5                               980      980       18      304       0
                text4                               9C6      9C6        C      304       0
                text3                               9BA      9BA        C      304       0
                text2                               91E      91E       2A      304       0
                text1                               948      948       1E      304       0
                text0                               8AA      8AA       4A      304       0
                cstackCOMRAM                          9        9        8        1       1
                dataCOMRAM                            1        1        8        1       1
                cinit                               8F4      8F4       2A      304       0
                idataCOMRAM                         9D2      9D2        8      304       0

TOTAL           Name                               Link     Load   Length     Space
        CLASS   STACK          

        CLASS   CODE           
                end_init                              0        0        4         0
                text13                              9DA      9DA        4         0
                text12                              966      966       1A         0
                text11                              9AA      9AA       10         0
                text10                              998      998       12         0
                text9                               6DE      6DE       D6         0
                text8                               7B4      7B4       A0         0
                text7                               608      608       D6         0
                text6                               854      854       56         0
                text5                               980      980       18         0
                text4                               9C6      9C6        C         0
                text3                               9BA      9BA        C         0
                text2                               91E      91E       2A         0
                text1                               948      948       1E         0
                text0                               8AA      8AA       4A         0
                cinit                               8F4      8F4       2A         0
                idataCOMRAM                         9D2      9D2        8         0

        CLASS   CONST          

        CLASS   SMALLCONST     
                smallconst                          600      600        8         0

        CLASS   MEDIUMCONST    

        CLASS   COMRAM         
                cstackCOMRAM                          9        9        8         1
                dataCOMRAM                            1        1        8         1

        CLASS   ABS1           

        CLASS   BIGRAM         

        CLASS   RAM            

        CLASS   BANK0          

        CLASS   BANK1          

        CLASS   BANK2          

        CLASS   BANK3          

        CLASS   BANK4          

        CLASS   BANK5          

        CLASS   SFR            

        CLASS   FARRAM         

        CLASS   CONFIG         
                config                           300000   300000        E         0

        CLASS   IDLOC          
                idloc                            200000   200000        8         0

        CLASS   EEDATA         



SEGMENTS        Name                           Load    Length   Top    Selector   Space  Class

                reset_vec                      000000  000004  000004         0       0  CODE    
                dataCOMRAM                     000001  000010  000011         1       1  COMRAM  
                smallconst                     000600  000008  000608       300       0  SMALLCON
                text7                          000608  0003D6  0009DE       304       0  CODE    
                idloc                          200000  000008  200008    200000       0  IDLOC   
                config                         300000  00000E  30000E    300000       0  CONFIG  


UNUSED ADDRESS RANGES

        Name                Unused          Largest block    Delta
        BANK0            000080-0000FF               80
        BANK1            000100-0001FF              100
        BANK2            000200-0002FF              100
        BANK3            000300-0003FF              100
        BANK4            000400-0004FF              100
        BANK5            000500-0005FF              100
        BIGRAM           000011-0005FF              5EF
        CODE             000004-0005FF              5FC
                         0009DE-007FFF             7622
        COMRAM           000011-00007F               6F
        CONST            000004-0005FF              5FC
                         0009DE-007FFF             7622
        EEDATA           F00000-F000FF              100
        MEDIUMCONST      0009DE-007FFF             7622
        RAM              000080-0005FF              100
        SFR              000F80-000FFF               80
        SMALLCONST       0009DE-007FFF              100
        STACK            000080-0005FF              580

                                  Symbol Table

I2C_Init@clock_output         cstackCOMRAM 000009
I2C_WriteByte@data_out        cstackCOMRAM 00000A
Lcd_CharCP@c                  cstackCOMRAM 00000C
Lcd_Command@command           cstackCOMRAM 00000C
Lcd_Init@data                 cstackCOMRAM 00000D
Lcd_Text@buffer               cstackCOMRAM 00000E
Lcd_Text@data                 cstackCOMRAM 000010
Lcd_Text@x                    cstackCOMRAM 00000D
Lcd_Text@y                    cstackCOMRAM 00000F
MCP47x6_Write_DAC@mcp47x6_adr cstackCOMRAM 00000D
MCP47x6_Write_DAC@value_dac   cstackCOMRAM 00000B
PL10                          text7        0006B8
PL12                          text9        00078E
PL14                          text7        0006CE
PL16                          text9        0007A4
PL18                          text8        000838
PL2                           text7        000688
PL20                          text6        00089C
PL22                          text8        000846
PL4                           text9        00075E
PL6                           text7        0006A0
PL8                           text9        000776
_ADCON1                       (abs)        000FC1
_CMCON                        (abs)        000FB4
_I2C_Close                    text13       0009DA
_I2C_Idle                     text5        000980
_I2C_Init                     text12       000966
_I2C_Start                    text4        0009C6
_I2C_Stop                     text3        0009BA
_I2C_WriteByte                text2        00091E
_LATBbits                     (abs)        000F8A
_Lcd_CharCP                   text7        000608
_Lcd_Command                  text9        0006DE
_Lcd_Delay5500us              text11       0009AA
_Lcd_Delay5us                 text10       000998
_Lcd_Init                     text8        0007B4
_Lcd_Text                     text6        000854
_MCP47x6_Write_DAC            text1        000948
_OSCCON                       (abs)        000FD3
_SSPADD                       (abs)        000FC8
_SSPBUF                       (abs)        000FC9
_SSPCON1                      (abs)        000FC6
_SSPCON1bits                  (abs)        000FC6
_SSPCON2                      (abs)        000FC5
_SSPCON2bits                  (abs)        000FC5
_SSPSTAT                      (abs)        000FC7
_SSPSTATbits                  (abs)        000FC7
_TRISB                        (abs)        000F93
_TRISBbits                    (abs)        000F93
_TRISC                        (abs)        000F94
_TRISCbits                    (abs)        000F94
__CFG_BOREN$OFF               (abs)        000000
__CFG_BORV$3                  (abs)        000000
__CFG_CCP2MX$PORTC            (abs)        000000
__CFG_CP0$OFF                 (abs)        000000
__CFG_CP1$OFF                 (abs)        000000
__CFG_CP2$OFF                 (abs)        000000
__CFG_CP3$OFF                 (abs)        000000
__CFG_CPB$OFF                 (abs)        000000
__CFG_CPD$OFF                 (abs)        000000
__CFG_EBTR0$OFF               (abs)        000000
__CFG_EBTR1$OFF               (abs)        000000
__CFG_EBTR2$OFF               (abs)        000000
__CFG_EBTR3$OFF               (abs)        000000
__CFG_EBTRB$OFF               (abs)        000000
__CFG_FCMEN$OFF               (abs)        000000
__CFG_IESO$OFF                (abs)        000000
__CFG_LPT1OSC$OFF             (abs)        000000
__CFG_LVP$OFF                 (abs)        000000
__CFG_MCLRE$ON                (abs)        000000
__CFG_OSC$INTIO67             (abs)        000000
__CFG_PBADEN$OFF              (abs)        000000
__CFG_PWRT$OFF                (abs)        000000
__CFG_STVREN$OFF              (abs)        000000
__CFG_WDT$OFF                 (abs)        000000
__CFG_WDTPS$32768             (abs)        000000
__CFG_WRT0$OFF                (abs)        000000
__CFG_WRT1$OFF                (abs)        000000
__CFG_WRT2$OFF                (abs)        000000
__CFG_WRT3$OFF                (abs)        000000
__CFG_WRTB$OFF                (abs)        000000
__CFG_WRTC$OFF                (abs)        000000
__CFG_WRTD$OFF                (abs)        000000
__CFG_XINST$OFF               (abs)        000000
__HRAM                        (abs)        000000
__Habs1                       abs1         000000
__Hbank0                      bank0        000000
__Hbank1                      bank1        000000
__Hbank2                      bank2        000000
__Hbank3                      bank3        000000
__Hbank4                      bank4        000000
__Hbank5                      bank5        000000
__Hbigbss                     bigbss       000000
__Hbigdata                    bigdata      000000
__Hbigram                     bigram       000000
__Hbss                        bss          000000
__Hcinit                      cinit        000000
__Hclrtext                    clrtext      000000
__Hcomram                     comram       000000
__Hconfig                     config       30000E
__Hconst                      const        000000
__HcstackCOMRAM               cstackCOMRAM 000000
__Hdata                       data         000000
__HdataCOMRAM                 dataCOMRAM   000000
__Heeprom_data                eeprom_data  000000
__Hend_init                   end_init     000004
__Hfarbss                     farbss       000000
__Hfardata                    fardata      000000
__Hibigdata                   ibigdata     000000
__Hidata                      idata        000000
__HidataCOMRAM                idataCOMRAM  000000
__Hidloc                      idloc        200008
__Hifardata                   ifardata     000000
__Hinit                       init         000000
__Hintcode                    intcode      000000
__Hintcode_body               intcode_body 000000
__Hintcodelo                  intcodelo    000000
__Hintentry                   intentry     000000
__Hintret                     intret       000000
__Hintsave_regs               intsave_regs 000000
__Hirdata                     irdata       000000
__Hmediumconst                mediumconst  000000
__HnvFARRAM                   nvFARRAM     000000
__Hnvbit                      nvbit        000000
__Hnvrram                     nvrram       000000
__Hpa_nodes                   pa_nodes     000000
__Hparam                      rparam       000000
__Hpowerup                    powerup      000000
__Hram                        ram          000000
__Hramtop                     ramtop       000600
__Hrbit                       rbit         000000
__Hrbss                       rbss         000000
__Hrdata                      rdata        000000
__Hreset_vec                  reset_vec    000000
__Hrparam                     rparam       000000
__Hsfr                        sfr          000000
__Hsmallconst                 smallconst   000608
__Hspace_0                    (abs)        30000E
__Hspace_1                    (abs)        000011
__Hspace_2                    (abs)        000000
__Hstack                      stack        000000
__Hstruct                     struct       000000
__Htemp                       temp         000000
__Htext                       text         000000
__Htext0                      text0        000000
__Htext1                      text1        000000
__Htext10                     text10       000000
__Htext11                     text11       000000
__Htext12                     text12       000000
__Htext13                     text13       000000
__Htext2                      text2        000000
__Htext3                      text3        000000
__Htext4                      text4        000000
__Htext5                      text5        000000
__Htext6                      text6        000000
__Htext7                      text7        000000
__Htext8                      text8        000000
__Htext9                      text9        000000
__LRAM                        (abs)        000001
__Labs1                       abs1         000000
__Lbank0                      bank0        000000
__Lbank1                      bank1        000000
__Lbank2                      bank2        000000
__Lbank3                      bank3        000000
__Lbank4                      bank4        000000
__Lbank5                      bank5        000000
__Lbigbss                     bigbss       000000
__Lbigdata                    bigdata      000000
__Lbigram                     bigram       000000
__Lbss                        bss          000000
__Lcinit                      cinit        000000
__Lclrtext                    clrtext      000000
__Lcomram                     comram       000000
__Lconfig                     config       300000
__Lconst                      const        000000
__LcstackCOMRAM               cstackCOMRAM 000000
__Ldata                       data         000000
__LdataCOMRAM                 dataCOMRAM   000000
__Leeprom_data                eeprom_data  000000
__Lend_init                   end_init     000000
__Lfarbss                     farbss       000000
__Lfardata                    fardata      000000
__Libigdata                   ibigdata     000000
__Lidata                      idata        000000
__LidataCOMRAM                idataCOMRAM  000000
__Lidloc                      idloc        200000
__Lifardata                   ifardata     000000
__Linit                       init         000000
__Lintcode                    intcode      000000
__Lintcode_body               intcode_body 000000
__Lintcodelo                  intcodelo    000000
__Lintentry                   intentry     000000
__Lintret                     intret       000000
__Lintsave_regs               intsave_regs 000000
__Lirdata                     irdata       000000
__Lmediumconst                mediumconst  000000
__LnvFARRAM                   nvFARRAM     000000
__Lnvbit                      nvbit        000000
__Lnvrram                     nvrram       000000
__Lpa_nodes                   pa_nodes     000000
__Lparam                      rparam       000000
__Lpowerup                    powerup      000000
__Lram                        ram          000000
__Lramtop                     ramtop       000600
__Lrbit                       rbit         000000
__Lrbss                       rbss         000000
__Lrdata                      rdata        000000
__Lreset_vec                  reset_vec    000000
__Lrparam                     rparam       000000
__Lsfr                        sfr          000000
__Lsmallconst                 smallconst   000600
__Lspace_0                    (abs)        000000
__Lspace_1                    (abs)        000000
__Lspace_2                    (abs)        000000
__Lstack                      stack        000000
__Lstruct                     struct       000000
__Ltemp                       temp         000000
__Ltext                       text         000000
__Ltext0                      text0        000000
__Ltext1                      text1        000000
__Ltext10                     text10       000000
__Ltext11                     text11       000000
__Ltext12                     text12       000000
__Ltext13                     text13       000000
__Ltext2                      text2        000000
__Ltext3                      text3        000000
__Ltext4                      text4        000000
__Ltext5                      text5        000000
__Ltext6                      text6        000000
__Ltext7                      text7        000000
__Ltext8                      text8        000000
__Ltext9                      text9        000000
__S0                          (abs)        30000E
__S1                          (abs)        000011
__S2                          (abs)        000000
___inthi_sp                   stack        000000
___intlo_sp                   stack        000000
___param_bank                 (abs)        000010
___rparam_used                (abs)        000001
___sp                         stack        000000
__accesstop                   (abs)        000080
__activetblptr                (abs)        000002
__end_ofPL10                  text7        0006CE
__end_ofPL12                  text9        0007A4
__end_ofPL14                  text7        0006DE
__end_ofPL16                  text9        0007B4
__end_ofPL18                  text8        000846
__end_ofPL2                   text7        0006A0
__end_ofPL20                  text6        0008AA
__end_ofPL22                  text8        000854
__end_ofPL4                   text9        000776
__end_ofPL6                   text7        0006B8
__end_ofPL8                   text9        00078E
__end_of_I2C_Close            text13       0009DE
__end_of_I2C_Idle             text5        000998
__end_of_I2C_Init             text12       000980
__end_of_I2C_Start            text4        0009D2
__end_of_I2C_Stop             text3        0009C6
__end_of_I2C_WriteByte        text2        000948
__end_of_Lcd_CharCP           text7        000688
__end_of_Lcd_Command          text9        00075E
__end_of_Lcd_Delay5500us      text11       0009BA
__end_of_Lcd_Delay5us         text10       0009AA
__end_of_Lcd_Init             text8        000838
__end_of_Lcd_Text             text6        00089C
__end_of_MCP47x6_Write_DAC    text1        000966
__end_of__initialization      cinit        000914
__end_of_main                 text0        0008F4
__initialization              cinit        0008F4
__mediumconst                 mediumconst  000000
__pcinit                      cinit        0008F4
__pcstackCOMRAM               cstackCOMRAM 000009
__pdataCOMRAM                 dataCOMRAM   000001
__pidataCOMRAM                idataCOMRAM  0009D2
__psmallconst                 smallconst   000600
__ptext0                      text0        0008AA
__ptext1                      text1        000948
__ptext10                     text10       000998
__ptext11                     text11       0009AA
__ptext12                     text12       000966
__ptext13                     text13       0009DA
__ptext2                      text2        00091E
__ptext3                      text3        0009BA
__ptext4                      text4        0009C6
__ptext5                      text5        000980
__ptext6                      text6        000854
__ptext7                      text7        000608
__ptext8                      text8        0007B4
__ptext9                      text9        0006DE
__ramtop                      ramtop       000600
__size_of_I2C_Close           (abs)        000000
__size_of_I2C_Idle            (abs)        000000
__size_of_I2C_Init            (abs)        000000
__size_of_I2C_Start           (abs)        000000
__size_of_I2C_Stop            (abs)        000000
__size_of_I2C_WriteByte       (abs)        000000
__size_of_Lcd_CharCP          (abs)        000000
__size_of_Lcd_Command         (abs)        000000
__size_of_Lcd_Delay5500us     (abs)        000000
__size_of_Lcd_Delay5us        (abs)        000000
__size_of_Lcd_Init            (abs)        000000
__size_of_Lcd_Text            (abs)        000000
__size_of_MCP47x6_Write_DAC   (abs)        000000
__size_of_main                (abs)        000000
__smallconst                  smallconst   000600
_degree_symbol                dataCOMRAM   000001
_main                         text0        0008AA
end_of_initialization         cinit        000914
intlevel0                     text         000000
intlevel1                     text         000000
intlevel2                     text         000000
intlevel3                     text         000000
stackhi                       (abs)        0005FF
stacklo                       (abs)        000080
start                         init         000000
start_initialization          cinit        0008F4


FUNCTION INFORMATION:

 *************** function _main *****************
 Defined at:
		line 16 in file "main.c"
 Parameters:    Size  Location     Type
		None
 Auto vars:     Size  Location     Type
  aux            20    0        unsigned char [20]
  read_adc        2    0        unsigned int 
 Return value:  Size  Location     Type
		None               void
 Registers used:
		wreg, status,2, status,0, tblptrl, tblptrh, tblptru, cstack
 Tracked objects:
		On entry : 
		On exit  : 
		Unchanged: 
 Data sizes:     COMRAM   BANK0   BANK1   BANK2   BANK3   BANK4   BANK5
      Params:         0       0       0       0       0       0       0
      Locals:         0       0       0       0       0       0       0
      Temps:          0       0       0       0       0       0       0
      Totals:         0       0       0       0       0       0       0
Total ram usage:        0 bytes
 Hardware stack levels required when called:    3
 This function calls:
		_I2C_Close
		_I2C_Init
		_Lcd_Command
		_Lcd_Init
		_Lcd_Text
		_MCP47x6_Write_DAC
 This function is called by:
		Startup code after reset
 This function uses a non-reentrant model


 *************** function _MCP47x6_Write_DAC *****************
 Defined at:
		line 53 in file "mcp47x6.c"
 Parameters:    Size  Location     Type
  mcp47x6_adr     1    wreg     unsigned char 
  value_dac       2    2[COMRAM] unsigned int 
 Auto vars:     Size  Location     Type
  mcp47x6_adr     1    4[COMRAM] unsigned char 
 Return value:  Size  Location     Type
		None               void
 Registers used:
		wreg, status,2, status,0, cstack
 Tracked objects:
		On entry : 
		On exit  : 
		Unchanged: 
 Data sizes:     COMRAM   BANK0   BANK1   BANK2   BANK3   BANK4   BANK5
      Params:         2       0       0       0       0       0       0
      Locals:         1       0       0       0       0       0       0
      Temps:          0       0       0       0       0       0       0
      Totals:         3       0       0       0       0       0       0
Total ram usage:        3 bytes
 Hardware stack levels used:    1
 Hardware stack levels required when called:    2
 This function calls:
		_I2C_Start
		_I2C_Stop
		_I2C_WriteByte
 This function is called by:
		_main
 This function uses a non-reentrant model


 *************** function _I2C_WriteByte *****************
 Defined at:
		line 98 in file "my_i2c.c"
 Parameters:    Size  Location     Type
  data_out        1    wreg     unsigned char 
 Auto vars:     Size  Location     Type
  data_out        1    1[COMRAM] unsigned char 
 Return value:  Size  Location     Type
                  1    wreg      unsigned char 
 Registers used:
		wreg, status,2, status,0, cstack
 Tracked objects:
		On entry : 
		On exit  : 
		Unchanged: 
 Data sizes:     COMRAM   BANK0   BANK1   BANK2   BANK3   BANK4   BANK5
      Params:         0       0       0       0       0       0       0
      Locals:         1       0       0       0       0       0       0
      Temps:          0       0       0       0       0       0       0
      Totals:         1       0       0       0       0       0       0
Total ram usage:        1 bytes
 Hardware stack levels used:    1
 Hardware stack levels required when called:    1
 This function calls:
		_I2C_Idle
 This function is called by:
		_MCP47x6_Write_DAC
 This function uses a non-reentrant model


 *************** function _I2C_Stop *****************
 Defined at:
		line 45 in file "my_i2c.c"
 Parameters:    Size  Location     Type
		None
 Auto vars:     Size  Location     Type
		None
 Return value:  Size  Location     Type
		None               void
 Registers used:
		wreg, status,2, status,0, cstack
 Tracked objects:
		On entry : 
		On exit  : 
		Unchanged: 
 Data sizes:     COMRAM   BANK0   BANK1   BANK2   BANK3   BANK4   BANK5
      Params:         0       0       0       0       0       0       0
      Locals:         0       0       0       0       0       0       0
      Temps:          0       0       0       0       0       0       0
      Totals:         0       0       0       0       0       0       0
Total ram usage:        0 bytes
 Hardware stack levels used:    1
 Hardware stack levels required when called:    1
 This function calls:
		_I2C_Idle
 This function is called by:
		_MCP47x6_Write_DAC
 This function uses a non-reentrant model


 *************** function _I2C_Start *****************
 Defined at:
		line 27 in file "my_i2c.c"
 Parameters:    Size  Location     Type
		None
 Auto vars:     Size  Location     Type
		None
 Return value:  Size  Location     Type
		None               void
 Registers used:
		wreg, status,2, status,0, cstack
 Tracked objects:
		On entry : 
		On exit  : 
		Unchanged: 
 Data sizes:     COMRAM   BANK0   BANK1   BANK2   BANK3   BANK4   BANK5
      Params:         0       0       0       0       0       0       0
      Locals:         0       0       0       0       0       0       0
      Temps:          0       0       0       0       0       0       0
      Totals:         0       0       0       0       0       0       0
Total ram usage:        0 bytes
 Hardware stack levels used:    1
 Hardware stack levels required when called:    1
 This function calls:
		_I2C_Idle
 This function is called by:
		_MCP47x6_Write_DAC
 This function uses a non-reentrant model


 *************** function _I2C_Idle *****************
 Defined at:
		line 52 in file "my_i2c.c"
 Parameters:    Size  Location     Type
		None
 Auto vars:     Size  Location     Type
		None
 Return value:  Size  Location     Type
		None               void
 Registers used:
		wreg, status,2, status,0
 Tracked objects:
		On entry : 
		On exit  : 
		Unchanged: 
 Data sizes:     COMRAM   BANK0   BANK1   BANK2   BANK3   BANK4   BANK5
      Params:         0       0       0       0       0       0       0
      Locals:         0       0       0       0       0       0       0
      Temps:          1       0       0       0       0       0       0
      Totals:         1       0       0       0       0       0       0
Total ram usage:        1 bytes
 Hardware stack levels used:    1
 This function calls:
		Nothing
 This function is called by:
		_I2C_Start
		_I2C_Stop
		_I2C_WriteByte
 This function uses a non-reentrant model


 *************** function _Lcd_Text *****************
 Defined at:
		line 105 in file "hd44780.c"
 Parameters:    Size  Location     Type
  y               1    wreg     unsigned char 
  x               1    4[COMRAM] unsigned char 
  buffer          1    5[COMRAM] PTR unsigned char 
		 -> STR_1(5), 
 Auto vars:     Size  Location     Type
  y               1    6[COMRAM] unsigned char 
  data            1    7[COMRAM] unsigned char 
 Return value:  Size  Location     Type
		None               void
 Registers used:
		wreg, status,2, status,0, tblptrl, tblptrh, tblptru, cstack
 Tracked objects:
		On entry : 
		On exit  : 
		Unchanged: 
 Data sizes:     COMRAM   BANK0   BANK1   BANK2   BANK3   BANK4   BANK5
      Params:         2       0       0       0       0       0       0
      Locals:         2       0       0       0       0       0       0
      Temps:          0       0       0       0       0       0       0
      Totals:         4       0       0       0       0       0       0
Total ram usage:        4 bytes
 Hardware stack levels used:    1
 Hardware stack levels required when called:    2
 This function calls:
		_Lcd_CharCP
		_Lcd_Command
 This function is called by:
		_main
 This function uses a non-reentrant model


 *************** function _Lcd_CharCP *****************
 Defined at:
		line 166 in file "hd44780.c"
 Parameters:    Size  Location     Type
  c               1    wreg     unsigned char 
 Auto vars:     Size  Location     Type
  c               1    3[COMRAM] unsigned char 
 Return value:  Size  Location     Type
		None               void
 Registers used:
		wreg, status,2, status,0, cstack
 Tracked objects:
		On entry : 
		On exit  : 
		Unchanged: 
 Data sizes:     COMRAM   BANK0   BANK1   BANK2   BANK3   BANK4   BANK5
      Params:         0       0       0       0       0       0       0
      Locals:         1       0       0       0       0       0       0
      Temps:          2       0       0       0       0       0       0
      Totals:         3       0       0       0       0       0       0
Total ram usage:        3 bytes
 Hardware stack levels used:    1
 Hardware stack levels required when called:    1
 This function calls:
		_Lcd_Delay5500us
		_Lcd_Delay5us
 This function is called by:
		_Lcd_Text
 This function uses a non-reentrant model


 *************** function _Lcd_Init *****************
 Defined at:
		line 17 in file "hd44780.c"
 Parameters:    Size  Location     Type
		None
 Auto vars:     Size  Location     Type
  data            1    4[COMRAM] unsigned char 
 Return value:  Size  Location     Type
		None               void
 Registers used:
		wreg, status,2, status,0, cstack
 Tracked objects:
		On entry : 
		On exit  : 
		Unchanged: 
 Data sizes:     COMRAM   BANK0   BANK1   BANK2   BANK3   BANK4   BANK5
      Params:         0       0       0       0       0       0       0
      Locals:         1       0       0       0       0       0       0
      Temps:          0       0       0       0       0       0       0
      Totals:         1       0       0       0       0       0       0
Total ram usage:        1 bytes
 Hardware stack levels used:    1
 Hardware stack levels required when called:    2
 This function calls:
		_Lcd_Command
		_Lcd_Delay5500us
		_Lcd_Delay5us
 This function is called by:
		_main
 This function uses a non-reentrant model


 *************** function _Lcd_Command *****************
 Defined at:
		line 198 in file "hd44780.c"
 Parameters:    Size  Location     Type
  command         1    wreg     unsigned char 
 Auto vars:     Size  Location     Type
  command         1    3[COMRAM] unsigned char 
 Return value:  Size  Location     Type
		None               void
 Registers used:
		wreg, status,2, status,0, cstack
 Tracked objects:
		On entry : 
		On exit  : 
		Unchanged: 
 Data sizes:     COMRAM   BANK0   BANK1   BANK2   BANK3   BANK4   BANK5
      Params:         0       0       0       0       0       0       0
      Locals:         1       0       0       0       0       0       0
      Temps:          2       0       0       0       0       0       0
      Totals:         3       0       0       0       0       0       0
Total ram usage:        3 bytes
 Hardware stack levels used:    1
 Hardware stack levels required when called:    1
 This function calls:
		_Lcd_Delay5500us
		_Lcd_Delay5us
 This function is called by:
		_Lcd_Init
		_Lcd_Text
		_main
 This function uses a non-reentrant model


 *************** function _Lcd_Delay5us *****************
 Defined at:
		line 262 in file "hd44780.c"
 Parameters:    Size  Location     Type
		None
 Auto vars:     Size  Location     Type
		None
 Return value:  Size  Location     Type
		None               void
 Registers used:
		wreg
 Tracked objects:
		On entry : 
		On exit  : 
		Unchanged: 
 Data sizes:     COMRAM   BANK0   BANK1   BANK2   BANK3   BANK4   BANK5
      Params:         0       0       0       0       0       0       0
      Locals:         0       0       0       0       0       0       0
      Temps:          0       0       0       0       0       0       0
      Totals:         0       0       0       0       0       0       0
Total ram usage:        0 bytes
 Hardware stack levels used:    1
 This function calls:
		Nothing
 This function is called by:
		_Lcd_Init
		_Lcd_CharCP
		_Lcd_Command
 This function uses a non-reentrant model


 *************** function _Lcd_Delay5500us *****************
 Defined at:
		line 268 in file "hd44780.c"
 Parameters:    Size  Location     Type
		None
 Auto vars:     Size  Location     Type
		None
 Return value:  Size  Location     Type
		None               void
 Registers used:
		wreg
 Tracked objects:
		On entry : 
		On exit  : 
		Unchanged: 
 Data sizes:     COMRAM   BANK0   BANK1   BANK2   BANK3   BANK4   BANK5
      Params:         0       0       0       0       0       0       0
      Locals:         0       0       0       0       0       0       0
      Temps:          1       0       0       0       0       0       0
      Totals:         1       0       0       0       0       0       0
Total ram usage:        1 bytes
 Hardware stack levels used:    1
 This function calls:
		Nothing
 This function is called by:
		_Lcd_Init
		_Lcd_CharCP
		_Lcd_Command
 This function uses a non-reentrant model


 *************** function _I2C_Init *****************
 Defined at:
		line 11 in file "my_i2c.c"
 Parameters:    Size  Location     Type
  clock_output    1    wreg     unsigned char 
 Auto vars:     Size  Location     Type
  clock_output    1    0[COMRAM] unsigned char 
 Return value:  Size  Location     Type
		None               void
 Registers used:
		wreg, status,2, status,0
 Tracked objects:
		On entry : 
		On exit  : 
		Unchanged: 
 Data sizes:     COMRAM   BANK0   BANK1   BANK2   BANK3   BANK4   BANK5
      Params:         0       0       0       0       0       0       0
      Locals:         1       0       0       0       0       0       0
      Temps:          0       0       0       0       0       0       0
      Totals:         1       0       0       0       0       0       0
Total ram usage:        1 bytes
 Hardware stack levels used:    1
 This function calls:
		Nothing
 This function is called by:
		_main
 This function uses a non-reentrant model


 *************** function _I2C_Close *****************
 Defined at:
		line 58 in file "my_i2c.c"
 Parameters:    Size  Location     Type
		None
 Auto vars:     Size  Location     Type
		None
 Return value:  Size  Location     Type
		None               void
 Registers used:
		status,2, status,0
 Tracked objects:
		On entry : 
		On exit  : 
		Unchanged: 
 Data sizes:     COMRAM   BANK0   BANK1   BANK2   BANK3   BANK4   BANK5
      Params:         0       0       0       0       0       0       0
      Locals:         0       0       0       0       0       0       0
      Temps:          0       0       0       0       0       0       0
      Totals:         0       0       0       0       0       0       0
Total ram usage:        0 bytes
 Hardware stack levels used:    1
 This function calls:
		Nothing
 This function is called by:
		_main
 This function uses a non-reentrant model



MODULE INFORMATION

Module		Function		Class		Link	Load	Size
my_i2c.c
		_I2C_Close     		CODE           	09DA	0000	5
		_I2C_Idle      		CODE           	0980	0000	25
		_I2C_Stop      		CODE           	09BA	0000	13
		_I2C_WriteByte 		CODE           	091E	0000	43
		_I2C_Init      		CODE           	0966	0000	27
		_I2C_Start     		CODE           	09C6	0000	13

my_i2c.c estimated size: 126

shared
		PL12           		CODE           	078E	0000	23
		PL8            		CODE           	0776	0000	25
		PL22           		CODE           	0846	0000	15
		PL14           		CODE           	06CE	0000	17
		PL16           		CODE           	07A4	0000	17
		PL18           		CODE           	0838	0000	15
		__initializatio		CODE           	08F4	0000	33
		PL2            		CODE           	0688	0000	25
		PL10           		CODE           	06B8	0000	23
		PL4            		CODE           	075E	0000	25
		PL20           		CODE           	089C	0000	15
		PL6            		CODE           	06A0	0000	25

shared estimated size: 258

hd44780.c
		_Lcd_Init      		CODE           	07B4	0000	133
		_Lcd_Command   		CODE           	06DE	0000	129
		_Lcd_Text      		CODE           	0854	0000	73
		_Lcd_Delay5us  		CODE           	0998	0000	19
		_Lcd_CharCP    		CODE           	0608	0000	129
		_Lcd_Delay5500u		CODE           	09AA	0000	17

hd44780.c estimated size: 500

mcp47x6.c
		_MCP47x6_Write_		CODE           	0948	0000	31

mcp47x6.c estimated size: 31

main.c
		_main          		CODE           	08AA	0000	75

main.c estimated size: 75

